#
# There is insufficient memory for the Java Runtime Environment to continue.
# Native memory allocation (malloc) failed to allocate 124176 bytes for Chunk::new
# Possible reasons:
#   The system is out of physical RAM or swap space
#   The process is running with CompressedOops enabled, and the Java Heap may be blocking the growth of the native heap
# Possible solutions:
#   Reduce memory load on the system
#   Increase physical memory or swap space
#   Check if swap backing store is full
#   Decrease Java heap size (-Xmx/-Xms)
#   Decrease number of Java threads
#   Decrease Java thread stack sizes (-Xss)
#   Set larger code cache with -XX:ReservedCodeCacheSize=
#   JVM is running with Unscaled Compressed Oops mode in which the Java heap is
#     placed in the first 4GB address space. The Java Heap base address is the
#     maximum limit for the native heap growth. Please use -XX:HeapBaseMinAddress
#     to set the Java Heap base and to place the Java Heap above 4GB virtual address.
# This output file may be truncated or incomplete.
#
#  Out of Memory Error (src/hotspot/share/memory/arena.cpp:197), pid=27000, tid=13528
#
# JRE version: OpenJDK Runtime Environment JBR-11.0.15.10-2043.56-jcef (11.0.15+10) (build 11.0.15+10-b2043.56)
# Java VM: OpenJDK 64-Bit Server VM JBR-11.0.15.10-2043.56-jcef (11.0.15+10-b2043.56, mixed mode, tiered, compressed oops, g1 gc, windows-amd64)
# No core dump will be written. Minidumps are not enabled by default on client versions of Windows
#

---------------  S U M M A R Y ------------

Command Line: git4idea.http.GitAskPassApp Password for 'https://Chetan-Khare@github.com': 

Host: AMD Ryzen 5 5500U with Radeon Graphics         , 12 cores, 5G,  Windows 11 , 64 bit Build 26100 (10.0.26100.7920)
Time: Thu Apr  9 00:01:39 2026 India Standard Time elapsed time: 4.935456 seconds (0d 0h 0m 4s)

---------------  T H R E A D  ---------------

Current thread (0x000002a0bb665800):  JavaThread "C2 CompilerThread0" daemon [_thread_in_native, id=13528, stack(0x000000e48f600000,0x000000e48f700000)]


Current CompileTask:
C2:   4935  314 %     4       java.util.zip.ZipFile$Source::initCEN @ 228 (697 bytes)

Stack: [0x000000e48f600000,0x000000e48f700000]
Native frames: (J=compiled Java code, j=interpreted, Vv=VM code, C=native code)
V  [jvm.dll+0x61612a]
V  [jvm.dll+0x79c450]
V  [jvm.dll+0x79da6d]
V  [jvm.dll+0x79e143]
V  [jvm.dll+0x24cc18]
V  [jvm.dll+0xc15ac]
V  [jvm.dll+0xc1adc]
V  [jvm.dll+0x362fad]
V  [jvm.dll+0x19ecc0]
V  [jvm.dll+0x20545e]
V  [jvm.dll+0x2044d7]
V  [jvm.dll+0x18b6b1]
V  [jvm.dll+0x2131bf]
V  [jvm.dll+0x211a61]
V  [jvm.dll+0x76300f]
V  [jvm.dll+0x75bc15]
V  [jvm.dll+0x614d96]
C  [ucrtbase.dll+0x37b0]
C  [KERNEL32.DLL+0x2e8d7]
C  [ntdll.dll+0x8c48c]


---------------  P R O C E S S  ---------------

Threads class SMR info:
_java_thread_list=0x000002a0bb7e8ab0, length=10, elements={
0x000002a0a17ef800, 0x000002a0bb610800, 0x000002a0bb611800, 0x000002a0bae06000,
0x000002a0bae09000, 0x000002a0bae0b000, 0x000002a0bb665800, 0x000002a0bb667000,
0x000002a0bb66c800, 0x000002a0bb7e4800
}

Java Threads: ( => current thread )
  0x000002a0a17ef800 JavaThread "main" [_thread_in_native, id=30904, stack(0x000000e48ea00000,0x000000e48eb00000)]
  0x000002a0bb610800 JavaThread "Reference Handler" daemon [_thread_blocked, id=2228, stack(0x000000e48f100000,0x000000e48f200000)]
  0x000002a0bb611800 JavaThread "Finalizer" daemon [_thread_blocked, id=3056, stack(0x000000e48f200000,0x000000e48f300000)]
  0x000002a0bae06000 JavaThread "Signal Dispatcher" daemon [_thread_blocked, id=2648, stack(0x000000e48f300000,0x000000e48f400000)]
  0x000002a0bae09000 JavaThread "Attach Listener" daemon [_thread_blocked, id=29452, stack(0x000000e48f400000,0x000000e48f500000)]
  0x000002a0bae0b000 JavaThread "Service Thread" daemon [_thread_blocked, id=7144, stack(0x000000e48f500000,0x000000e48f600000)]
=>0x000002a0bb665800 JavaThread "C2 CompilerThread0" daemon [_thread_in_native, id=13528, stack(0x000000e48f600000,0x000000e48f700000)]
  0x000002a0bb667000 JavaThread "C1 CompilerThread0" daemon [_thread_blocked, id=27912, stack(0x000000e48f700000,0x000000e48f800000)]
  0x000002a0bb66c800 JavaThread "Sweeper thread" daemon [_thread_blocked, id=12600, stack(0x000000e48f800000,0x000000e48f900000)]
  0x000002a0bb7e4800 JavaThread "Common-Cleaner" daemon [_thread_blocked, id=10072, stack(0x000000e48fa00000,0x000000e48fb00000)]

Other Threads:
  0x000002a0badce800 VMThread "VM Thread" [stack: 0x000000e48f000000,0x000000e48f100000] [id=32072]
  0x000002a0bb7e1800 WatcherThread [stack: 0x000000e48f900000,0x000000e48fa00000] [id=1812]
  0x000002a0a180b800 GCTaskThread "GC Thread#0" [stack: 0x000000e48eb00000,0x000000e48ec00000] [id=22052]
  0x000002a0a1833800 ConcurrentGCThread "G1 Main Marker" [stack: 0x000000e48ec00000,0x000000e48ed00000] [id=29796]
  0x000002a0a1835800 ConcurrentGCThread "G1 Conc#0" [stack: 0x000000e48ed00000,0x000000e48ee00000] [id=5976]
  0x000002a0a18be000 ConcurrentGCThread "G1 Refine#0" [stack: 0x000000e48ee00000,0x000000e48ef00000] [id=29080]
  0x000002a0bac35800 ConcurrentGCThread "G1 Young RemSet Sampling" [stack: 0x000000e48ef00000,0x000000e48f000000] [id=17772]

Threads with active compile tasks:
C2 CompilerThread0     4962  314 %     4       java.util.zip.ZipFile$Source::initCEN @ 228 (697 bytes)

VM state:not at safepoint (normal execution)

VM Mutex/Monitor currently owned by a thread: None

Heap address: 0x00000000a2200000, size: 1502 MB, Compressed Oops mode: 32-bit
Narrow klass base: 0x0000000000000000, Narrow klass shift: 3
Compressed class space size: 1073741824 Address: 0x0000000100000000

Heap:
 garbage-first heap   total 96256K, used 22528K [0x00000000a2200000, 0x0000000100000000)
  region size 1024K, 9 young (9216K), 0 survivors (0K)
 Metaspace       used 6622K, capacity 6741K, committed 6784K, reserved 1056768K
  class space    used 575K, capacity 606K, committed 640K, reserved 1048576K
Heap Regions: E=young(eden), S=young(survivor), O=old, HS=humongous(starts), HC=humongous(continues), CS=collection set, F=free, A=archive, TAMS=top-at-mark-start (previous, next)
|   0|0x00000000a2200000, 0x00000000a2300000, 0x00000000a2300000|100%|HS|  |TAMS 0x00000000a2200000, 0x00000000a2200000| Complete 
|   1|0x00000000a2300000, 0x00000000a2400000, 0x00000000a2400000|100%|HC|  |TAMS 0x00000000a2300000, 0x00000000a2300000| Complete 
|   2|0x00000000a2400000, 0x00000000a2500000, 0x00000000a2500000|100%|HC|  |TAMS 0x00000000a2400000, 0x00000000a2400000| Complete 
|   3|0x00000000a2500000, 0x00000000a2600000, 0x00000000a2600000|100%|HC|  |TAMS 0x00000000a2500000, 0x00000000a2500000| Complete 
|   4|0x00000000a2600000, 0x00000000a2700000, 0x00000000a2700000|100%|HC|  |TAMS 0x00000000a2600000, 0x00000000a2600000| Complete 
|   5|0x00000000a2700000, 0x00000000a2800000, 0x00000000a2800000|100%|HC|  |TAMS 0x00000000a2700000, 0x00000000a2700000| Complete 
|   6|0x00000000a2800000, 0x00000000a2900000, 0x00000000a2900000|100%|HC|  |TAMS 0x00000000a2800000, 0x00000000a2800000| Complete 
|   7|0x00000000a2900000, 0x00000000a2a00000, 0x00000000a2a00000|100%|HC|  |TAMS 0x00000000a2900000, 0x00000000a2900000| Complete 
|   8|0x00000000a2a00000, 0x00000000a2b00000, 0x00000000a2b00000|100%|HC|  |TAMS 0x00000000a2a00000, 0x00000000a2a00000| Complete 
|   9|0x00000000a2b00000, 0x00000000a2c00000, 0x00000000a2c00000|100%|HC|  |TAMS 0x00000000a2b00000, 0x00000000a2b00000| Complete 
|  10|0x00000000a2c00000, 0x00000000a2d00000, 0x00000000a2d00000|100%|HS|  |TAMS 0x00000000a2c00000, 0x00000000a2c00000| Complete 
|  11|0x00000000a2d00000, 0x00000000a2e00000, 0x00000000a2e00000|100%|HC|  |TAMS 0x00000000a2d00000, 0x00000000a2d00000| Complete 
|  12|0x00000000a2e00000, 0x00000000a2f00000, 0x00000000a2f00000|100%|HS|  |TAMS 0x00000000a2e00000, 0x00000000a2e00000| Complete 
|  13|0x00000000a2f00000, 0x00000000a3000000, 0x00000000a3000000|100%|HC|  |TAMS 0x00000000a2f00000, 0x00000000a2f00000| Complete 
|  14|0x00000000a3000000, 0x00000000a3000000, 0x00000000a3100000|  0%| F|  |TAMS 0x00000000a3000000, 0x00000000a3000000| Untracked 
|  15|0x00000000a3100000, 0x00000000a3100000, 0x00000000a3200000|  0%| F|  |TAMS 0x00000000a3100000, 0x00000000a3100000| Untracked 
|  16|0x00000000a3200000, 0x00000000a3200000, 0x00000000a3300000|  0%| F|  |TAMS 0x00000000a3200000, 0x00000000a3200000| Untracked 
|  17|0x00000000a3300000, 0x00000000a3300000, 0x00000000a3400000|  0%| F|  |TAMS 0x00000000a3300000, 0x00000000a3300000| Untracked 
|  18|0x00000000a3400000, 0x00000000a3400000, 0x00000000a3500000|  0%| F|  |TAMS 0x00000000a3400000, 0x00000000a3400000| Untracked 
|  19|0x00000000a3500000, 0x00000000a3500000, 0x00000000a3600000|  0%| F|  |TAMS 0x00000000a3500000, 0x00000000a3500000| Untracked 
|  20|0x00000000a3600000, 0x00000000a3600000, 0x00000000a3700000|  0%| F|  |TAMS 0x00000000a3600000, 0x00000000a3600000| Untracked 
|  21|0x00000000a3700000, 0x00000000a3700000, 0x00000000a3800000|  0%| F|  |TAMS 0x00000000a3700000, 0x00000000a3700000| Untracked 
|  22|0x00000000a3800000, 0x00000000a3800000, 0x00000000a3900000|  0%| F|  |TAMS 0x00000000a3800000, 0x00000000a3800000| Untracked 
|  23|0x00000000a3900000, 0x00000000a3900000, 0x00000000a3a00000|  0%| F|  |TAMS 0x00000000a3900000, 0x00000000a3900000| Untracked 
|  24|0x00000000a3a00000, 0x00000000a3a00000, 0x00000000a3b00000|  0%| F|  |TAMS 0x00000000a3a00000, 0x00000000a3a00000| Untracked 
|  25|0x00000000a3b00000, 0x00000000a3b00000, 0x00000000a3c00000|  0%| F|  |TAMS 0x00000000a3b00000, 0x00000000a3b00000| Untracked 
|  26|0x00000000a3c00000, 0x00000000a3c00000, 0x00000000a3d00000|  0%| F|  |TAMS 0x00000000a3c00000, 0x00000000a3c00000| Untracked 
|  27|0x00000000a3d00000, 0x00000000a3d00000, 0x00000000a3e00000|  0%| F|  |TAMS 0x00000000a3d00000, 0x00000000a3d00000| Untracked 
|  28|0x00000000a3e00000, 0x00000000a3e00000, 0x00000000a3f00000|  0%| F|  |TAMS 0x00000000a3e00000, 0x00000000a3e00000| Untracked 
|  29|0x00000000a3f00000, 0x00000000a3f00000, 0x00000000a4000000|  0%| F|  |TAMS 0x00000000a3f00000, 0x00000000a3f00000| Untracked 
|  30|0x00000000a4000000, 0x00000000a4000000, 0x00000000a4100000|  0%| F|  |TAMS 0x00000000a4000000, 0x00000000a4000000| Untracked 
|  31|0x00000000a4100000, 0x00000000a4100000, 0x00000000a4200000|  0%| F|  |TAMS 0x00000000a4100000, 0x00000000a4100000| Untracked 
|  32|0x00000000a4200000, 0x00000000a4200000, 0x00000000a4300000|  0%| F|  |TAMS 0x00000000a4200000, 0x00000000a4200000| Untracked 
|  33|0x00000000a4300000, 0x00000000a4300000, 0x00000000a4400000|  0%| F|  |TAMS 0x00000000a4300000, 0x00000000a4300000| Untracked 
|  34|0x00000000a4400000, 0x00000000a4400000, 0x00000000a4500000|  0%| F|  |TAMS 0x00000000a4400000, 0x00000000a4400000| Untracked 
|  35|0x00000000a4500000, 0x00000000a4500000, 0x00000000a4600000|  0%| F|  |TAMS 0x00000000a4500000, 0x00000000a4500000| Untracked 
|  36|0x00000000a4600000, 0x00000000a4600000, 0x00000000a4700000|  0%| F|  |TAMS 0x00000000a4600000, 0x00000000a4600000| Untracked 
|  37|0x00000000a4700000, 0x00000000a4700000, 0x00000000a4800000|  0%| F|  |TAMS 0x00000000a4700000, 0x00000000a4700000| Untracked 
|  38|0x00000000a4800000, 0x00000000a4800000, 0x00000000a4900000|  0%| F|  |TAMS 0x00000000a4800000, 0x00000000a4800000| Untracked 
|  39|0x00000000a4900000, 0x00000000a4900000, 0x00000000a4a00000|  0%| F|  |TAMS 0x00000000a4900000, 0x00000000a4900000| Untracked 
|  40|0x00000000a4a00000, 0x00000000a4a00000, 0x00000000a4b00000|  0%| F|  |TAMS 0x00000000a4a00000, 0x00000000a4a00000| Untracked 
|  41|0x00000000a4b00000, 0x00000000a4b00000, 0x00000000a4c00000|  0%| F|  |TAMS 0x00000000a4b00000, 0x00000000a4b00000| Untracked 
|  42|0x00000000a4c00000, 0x00000000a4c00000, 0x00000000a4d00000|  0%| F|  |TAMS 0x00000000a4c00000, 0x00000000a4c00000| Untracked 
|  43|0x00000000a4d00000, 0x00000000a4d00000, 0x00000000a4e00000|  0%| F|  |TAMS 0x00000000a4d00000, 0x00000000a4d00000| Untracked 
|  44|0x00000000a4e00000, 0x00000000a4e00000, 0x00000000a4f00000|  0%| F|  |TAMS 0x00000000a4e00000, 0x00000000a4e00000| Untracked 
|  45|0x00000000a4f00000, 0x00000000a4f00000, 0x00000000a5000000|  0%| F|  |TAMS 0x00000000a4f00000, 0x00000000a4f00000| Untracked 
|  46|0x00000000a5000000, 0x00000000a5000000, 0x00000000a5100000|  0%| F|  |TAMS 0x00000000a5000000, 0x00000000a5000000| Untracked 
|  47|0x00000000a5100000, 0x00000000a5100000, 0x00000000a5200000|  0%| F|  |TAMS 0x00000000a5100000, 0x00000000a5100000| Untracked 
|  48|0x00000000a5200000, 0x00000000a5200000, 0x00000000a5300000|  0%| F|  |TAMS 0x00000000a5200000, 0x00000000a5200000| Untracked 
|  49|0x00000000a5300000, 0x00000000a5300000, 0x00000000a5400000|  0%| F|  |TAMS 0x00000000a5300000, 0x00000000a5300000| Untracked 
|  50|0x00000000a5400000, 0x00000000a5400000, 0x00000000a5500000|  0%| F|  |TAMS 0x00000000a5400000, 0x00000000a5400000| Untracked 
|  51|0x00000000a5500000, 0x00000000a5500000, 0x00000000a5600000|  0%| F|  |TAMS 0x00000000a5500000, 0x00000000a5500000| Untracked 
|  52|0x00000000a5600000, 0x00000000a5600000, 0x00000000a5700000|  0%| F|  |TAMS 0x00000000a5600000, 0x00000000a5600000| Untracked 
|  53|0x00000000a5700000, 0x00000000a5700000, 0x00000000a5800000|  0%| F|  |TAMS 0x00000000a5700000, 0x00000000a5700000| Untracked 
|  54|0x00000000a5800000, 0x00000000a5800000, 0x00000000a5900000|  0%| F|  |TAMS 0x00000000a5800000, 0x00000000a5800000| Untracked 
|  55|0x00000000a5900000, 0x00000000a5900000, 0x00000000a5a00000|  0%| F|  |TAMS 0x00000000a5900000, 0x00000000a5900000| Untracked 
|  56|0x00000000a5a00000, 0x00000000a5a00000, 0x00000000a5b00000|  0%| F|  |TAMS 0x00000000a5a00000, 0x00000000a5a00000| Untracked 
|  57|0x00000000a5b00000, 0x00000000a5b00000, 0x00000000a5c00000|  0%| F|  |TAMS 0x00000000a5b00000, 0x00000000a5b00000| Untracked 
|  58|0x00000000a5c00000, 0x00000000a5c00000, 0x00000000a5d00000|  0%| F|  |TAMS 0x00000000a5c00000, 0x00000000a5c00000| Untracked 
|  59|0x00000000a5d00000, 0x00000000a5d00000, 0x00000000a5e00000|  0%| F|  |TAMS 0x00000000a5d00000, 0x00000000a5d00000| Untracked 
|  60|0x00000000a5e00000, 0x00000000a5e00000, 0x00000000a5f00000|  0%| F|  |TAMS 0x00000000a5e00000, 0x00000000a5e00000| Untracked 
|  61|0x00000000a5f00000, 0x00000000a5f00000, 0x00000000a6000000|  0%| F|  |TAMS 0x00000000a5f00000, 0x00000000a5f00000| Untracked 
|  62|0x00000000a6000000, 0x00000000a6000000, 0x00000000a6100000|  0%| F|  |TAMS 0x00000000a6000000, 0x00000000a6000000| Untracked 
|  63|0x00000000a6100000, 0x00000000a6100000, 0x00000000a6200000|  0%| F|  |TAMS 0x00000000a6100000, 0x00000000a6100000| Untracked 
|  64|0x00000000a6200000, 0x00000000a6200000, 0x00000000a6300000|  0%| F|  |TAMS 0x00000000a6200000, 0x00000000a6200000| Untracked 
|  65|0x00000000a6300000, 0x00000000a6300000, 0x00000000a6400000|  0%| F|  |TAMS 0x00000000a6300000, 0x00000000a6300000| Untracked 
|  66|0x00000000a6400000, 0x00000000a6400000, 0x00000000a6500000|  0%| F|  |TAMS 0x00000000a6400000, 0x00000000a6400000| Untracked 
|  67|0x00000000a6500000, 0x00000000a6500000, 0x00000000a6600000|  0%| F|  |TAMS 0x00000000a6500000, 0x00000000a6500000| Untracked 
|  68|0x00000000a6600000, 0x00000000a6600000, 0x00000000a6700000|  0%| F|  |TAMS 0x00000000a6600000, 0x00000000a6600000| Untracked 
|  69|0x00000000a6700000, 0x00000000a6700000, 0x00000000a6800000|  0%| F|  |TAMS 0x00000000a6700000, 0x00000000a6700000| Untracked 
|  70|0x00000000a6800000, 0x00000000a6800000, 0x00000000a6900000|  0%| F|  |TAMS 0x00000000a6800000, 0x00000000a6800000| Untracked 
|  71|0x00000000a6900000, 0x00000000a6900000, 0x00000000a6a00000|  0%| F|  |TAMS 0x00000000a6900000, 0x00000000a6900000| Untracked 
|  72|0x00000000a6a00000, 0x00000000a6a00000, 0x00000000a6b00000|  0%| F|  |TAMS 0x00000000a6a00000, 0x00000000a6a00000| Untracked 
|  73|0x00000000a6b00000, 0x00000000a6b00000, 0x00000000a6c00000|  0%| F|  |TAMS 0x00000000a6b00000, 0x00000000a6b00000| Untracked 
|  74|0x00000000a6c00000, 0x00000000a6c00000, 0x00000000a6d00000|  0%| F|  |TAMS 0x00000000a6c00000, 0x00000000a6c00000| Untracked 
|  75|0x00000000a6d00000, 0x00000000a6d00000, 0x00000000a6e00000|  0%| F|  |TAMS 0x00000000a6d00000, 0x00000000a6d00000| Untracked 
|  76|0x00000000a6e00000, 0x00000000a6e00000, 0x00000000a6f00000|  0%| F|  |TAMS 0x00000000a6e00000, 0x00000000a6e00000| Untracked 
|  77|0x00000000a6f00000, 0x00000000a6f00000, 0x00000000a7000000|  0%| F|  |TAMS 0x00000000a6f00000, 0x00000000a6f00000| Untracked 
|  78|0x00000000a7000000, 0x00000000a7000000, 0x00000000a7100000|  0%| F|  |TAMS 0x00000000a7000000, 0x00000000a7000000| Untracked 
|  79|0x00000000a7100000, 0x00000000a7100000, 0x00000000a7200000|  0%| F|  |TAMS 0x00000000a7100000, 0x00000000a7100000| Untracked 
|  80|0x00000000a7200000, 0x00000000a7200000, 0x00000000a7300000|  0%| F|  |TAMS 0x00000000a7200000, 0x00000000a7200000| Untracked 
|  81|0x00000000a7300000, 0x00000000a7300000, 0x00000000a7400000|  0%| F|  |TAMS 0x00000000a7300000, 0x00000000a7300000| Untracked 
|  82|0x00000000a7400000, 0x00000000a7400000, 0x00000000a7500000|  0%| F|  |TAMS 0x00000000a7400000, 0x00000000a7400000| Untracked 
|  83|0x00000000a7500000, 0x00000000a7500000, 0x00000000a7600000|  0%| F|  |TAMS 0x00000000a7500000, 0x00000000a7500000| Untracked 
|  84|0x00000000a7600000, 0x00000000a7600000, 0x00000000a7700000|  0%| F|  |TAMS 0x00000000a7600000, 0x00000000a7600000| Untracked 
|  85|0x00000000a7700000, 0x00000000a77f6498, 0x00000000a7800000| 96%| E|  |TAMS 0x00000000a7700000, 0x00000000a7700000| Complete 
|  86|0x00000000a7800000, 0x00000000a7900000, 0x00000000a7900000|100%| E|CS|TAMS 0x00000000a7800000, 0x00000000a7800000| Complete 
|  87|0x00000000a7900000, 0x00000000a7a00000, 0x00000000a7a00000|100%| E|CS|TAMS 0x00000000a7900000, 0x00000000a7900000| Complete 
|  88|0x00000000a7a00000, 0x00000000a7b00000, 0x00000000a7b00000|100%| E|CS|TAMS 0x00000000a7a00000, 0x00000000a7a00000| Complete 
|  89|0x00000000a7b00000, 0x00000000a7c00000, 0x00000000a7c00000|100%| E|CS|TAMS 0x00000000a7b00000, 0x00000000a7b00000| Complete 
|  90|0x00000000a7c00000, 0x00000000a7d00000, 0x00000000a7d00000|100%| E|CS|TAMS 0x00000000a7c00000, 0x00000000a7c00000| Complete 
|  91|0x00000000a7d00000, 0x00000000a7e00000, 0x00000000a7e00000|100%| E|CS|TAMS 0x00000000a7d00000, 0x00000000a7d00000| Complete 
|  92|0x00000000a7e00000, 0x00000000a7f00000, 0x00000000a7f00000|100%| E|CS|TAMS 0x00000000a7e00000, 0x00000000a7e00000| Complete 
|  93|0x00000000a7f00000, 0x00000000a8000000, 0x00000000a8000000|100%| E|CS|TAMS 0x00000000a7f00000, 0x00000000a7f00000| Complete 

Card table byte_map: [0x000002a0b4c90000,0x000002a0b4f80000] _byte_map_base: 0x000002a0b477f000

Marking Bits (Prev, Next): (CMBitMap*) 0x000002a0a182cf78, (CMBitMap*) 0x000002a0a182cfb0
 Prev Bits: [0x000002a0b5270000, 0x000002a0b69e8000)
 Next Bits: [0x000002a0b69f0000, 0x000002a0b8168000)

Polling page: 0x000002a09f6a0000

Metaspace:

Usage:
  Non-class:      5.99 MB capacity,     5.90 MB ( 99%) used,    84.48 KB (  1%) free+waste,     3.94 KB ( <1%) overhead. 
      Class:    606.00 KB capacity,   575.62 KB ( 95%) used,    28.57 KB (  5%) free+waste,     1.81 KB ( <1%) overhead. 
       Both:      6.58 MB capacity,     6.47 MB ( 98%) used,   113.05 KB (  2%) free+waste,     5.75 KB ( <1%) overhead. 

Virtual space:
  Non-class space:        8.00 MB reserved,       6.00 MB ( 75%) committed 
      Class space:        1.00 GB reserved,     640.00 KB ( <1%) committed 
             Both:        1.01 GB reserved,       6.63 MB ( <1%) committed 

Chunk freelists:
   Non-Class:  9.00 KB
       Class:  2.00 KB
        Both:  11.00 KB

MaxMetaspaceSize: 17179869184.00 GB
CompressedClassSpaceSize: 1.00 GB
Initial GC threshold: 20.80 MB
Current GC threshold: 20.80 MB
CDS: off

CodeHeap 'non-profiled nmethods': size=120000Kb used=119Kb max_used=119Kb free=119880Kb
 bounds [0x000002a0acf20000, 0x000002a0ad190000, 0x000002a0b4450000]
CodeHeap 'profiled nmethods': size=120000Kb used=450Kb max_used=450Kb free=119550Kb
 bounds [0x000002a0a59f0000, 0x000002a0a5c60000, 0x000002a0acf20000]
CodeHeap 'non-nmethods': size=5760Kb used=1102Kb max_used=1108Kb free=4657Kb
 bounds [0x000002a0a5450000, 0x000002a0a56c0000, 0x000002a0a59f0000]
 total_blobs=670 nmethods=322 adapters=261
 compilation: enabled
              stopped_count=0, restarted_count=0
 full_count=0

Compilation events (20 events):
Event: 1.257 Thread 0x000002a0bb667000 nmethod 313 0x000002a0a5a5cf90 code [0x000002a0a5a5d160, 0x000002a0a5a5d388]
Event: 1.840 Thread 0x000002a0bb665800  314 %     4       java.util.zip.ZipFile$Source::initCEN @ 228 (697 bytes)
Event: 1.841 Thread 0x000002a0bb667000  315       3       java.util.Arrays::copyOf (19 bytes)
Event: 1.841 Thread 0x000002a0bb667000 nmethod 315 0x000002a0a5a5d490 code [0x000002a0a5a5d660, 0x000002a0a5a5d948]
Event: 1.846 Thread 0x000002a0bb667000  316       3       java.lang.String::isEmpty (14 bytes)
Event: 1.846 Thread 0x000002a0bb667000 nmethod 316 0x000002a0a5a5da90 code [0x000002a0a5a5dc40, 0x000002a0a5a5dd98]
Event: 2.855 Thread 0x000002a0bb667000  317       3       java.lang.String::lastIndexOf (29 bytes)
Event: 2.856 Thread 0x000002a0bb667000 nmethod 317 0x000002a0a5a5de90 code [0x000002a0a5a5e060, 0x000002a0a5a5e2d8]
Event: 2.857 Thread 0x000002a0bb667000  318       3       java.lang.String::substring (58 bytes)
Event: 2.857 Thread 0x000002a0bb667000 nmethod 318 0x000002a0a5a5e410 code [0x000002a0a5a5e640, 0x000002a0a5a5ecc8]
Event: 2.857 Thread 0x000002a0bb667000  319       3       java.lang.String::lastIndexOf (12 bytes)
Event: 2.858 Thread 0x000002a0bb667000 nmethod 319 0x000002a0a5a5ef10 code [0x000002a0a5a5f100, 0x000002a0a5a5f4d8]
Event: 2.860 Thread 0x000002a0bb667000  320       3       java.util.zip.ZipFile$Source::getEntryHash (7 bytes)
Event: 2.860 Thread 0x000002a0bb667000 nmethod 320 0x000002a0a5a5f690 code [0x000002a0a5a5f840, 0x000002a0a5a5f978]
Event: 2.860 Thread 0x000002a0bb667000  321       3       java.lang.Character::toLowerCase (6 bytes)
Event: 2.860 Thread 0x000002a0bb667000 nmethod 321 0x000002a0a5a5fa90 code [0x000002a0a5a5fc60, 0x000002a0a5a5fe98]
Event: 2.861 Thread 0x000002a0bb667000  322       3       java.util.zip.ZipFile$Source::getEntryNext (9 bytes)
Event: 2.861 Thread 0x000002a0bb667000 nmethod 322 0x000002a0a5a5ff90 code [0x000002a0a5a60140, 0x000002a0a5a60278]
Event: 2.865 Thread 0x000002a0bb667000  323       3       java.util.Objects::requireNonNull (15 bytes)
Event: 2.865 Thread 0x000002a0bb667000 nmethod 323 0x000002a0a5a60390 code [0x000002a0a5a60560, 0x000002a0a5a60728]

GC Heap History (0 events):
No events

Deoptimization events (20 events):
Event: 0.222 Thread 0x000002a0a17ef800 DEOPT PACKING pc=0x000002a0a5a2aaa8 sp=0x000000e48eafce60
Event: 0.222 Thread 0x000002a0a17ef800 DEOPT UNPACKING pc=0x000002a0a549a95e sp=0x000000e48eafc330 mode 0
Event: 0.223 Thread 0x000002a0a17ef800 DEOPT PACKING pc=0x000002a0a5a2aaa8 sp=0x000000e48eafce60
Event: 0.223 Thread 0x000002a0a17ef800 DEOPT UNPACKING pc=0x000002a0a549a95e sp=0x000000e48eafc330 mode 0
Event: 0.223 Thread 0x000002a0a17ef800 DEOPT PACKING pc=0x000002a0a5a2aaa8 sp=0x000000e48eafce60
Event: 0.223 Thread 0x000002a0a17ef800 DEOPT UNPACKING pc=0x000002a0a549a95e sp=0x000000e48eafc330 mode 0
Event: 0.223 Thread 0x000002a0a17ef800 DEOPT PACKING pc=0x000002a0a5a2aaa8 sp=0x000000e48eafce60
Event: 0.223 Thread 0x000002a0a17ef800 DEOPT UNPACKING pc=0x000002a0a549a95e sp=0x000000e48eafc330 mode 0
Event: 0.223 Thread 0x000002a0a17ef800 DEOPT PACKING pc=0x000002a0a5a2aaa8 sp=0x000000e48eafce60
Event: 0.223 Thread 0x000002a0a17ef800 DEOPT UNPACKING pc=0x000002a0a549a95e sp=0x000000e48eafc330 mode 0
Event: 0.223 Thread 0x000002a0a17ef800 DEOPT PACKING pc=0x000002a0a5a2aaa8 sp=0x000000e48eafce60
Event: 0.223 Thread 0x000002a0a17ef800 DEOPT UNPACKING pc=0x000002a0a549a95e sp=0x000000e48eafc330 mode 0
Event: 0.223 Thread 0x000002a0a17ef800 DEOPT PACKING pc=0x000002a0a5a2aaa8 sp=0x000000e48eafce60
Event: 0.223 Thread 0x000002a0a17ef800 DEOPT UNPACKING pc=0x000002a0a549a95e sp=0x000000e48eafc330 mode 0
Event: 0.223 Thread 0x000002a0a17ef800 DEOPT PACKING pc=0x000002a0a5a2aaa8 sp=0x000000e48eafce60
Event: 0.223 Thread 0x000002a0a17ef800 DEOPT UNPACKING pc=0x000002a0a549a95e sp=0x000000e48eafc330 mode 0
Event: 0.226 Thread 0x000002a0a17ef800 Uncommon trap: trap_request=0xffffff4d fr.pc=0x000002a0acf38860 relative=0x0000000000000140
Event: 0.226 Thread 0x000002a0a17ef800 Uncommon trap: reason=unstable_if action=reinterpret pc=0x000002a0acf38860 method=java.lang.ThreadLocal$ThreadLocalMap.getEntry(Ljava/lang/ThreadLocal;)Ljava/lang/ThreadLocal$ThreadLocalMap$Entry; @ 21 c2
Event: 0.226 Thread 0x000002a0a17ef800 DEOPT PACKING pc=0x000002a0acf38860 sp=0x000000e48eafecd0
Event: 0.226 Thread 0x000002a0a17ef800 DEOPT UNPACKING pc=0x000002a0a549a1af sp=0x000000e48eafec80 mode 2

Classes redefined (0 events):
No events

Internal exceptions (1 events):
Event: 0.226 Thread 0x000002a0a17ef800 Implicit null exception at 0x000002a0acf3876f to 0x000002a0acf38844

Events (20 events):
Event: 2.866 loading class java/text/DateFormat
Event: 2.866 loading class java/text/Format
Event: 2.866 loading class java/text/Format done
Event: 2.866 loading class java/text/DateFormat done
Event: 2.866 loading class java/text/SimpleDateFormat
Event: 2.867 loading class java/text/SimpleDateFormat done
Event: 2.867 loading class java/text/DateFormat$Field
Event: 4.881 loading class java/text/Format$Field
Event: 4.881 loading class java/text/AttributedCharacterIterator$Attribute
Event: 4.881 loading class java/text/AttributedCharacterIterator$Attribute done
Event: 4.881 loading class java/text/Format$Field done
Event: 4.881 loading class java/text/DateFormat$Field done
Event: 4.882 loading class java/util/Locale$Category
Event: 4.882 loading class java/util/Locale$Category done
Event: 4.882 loading class java/util/Locale$1
Event: 4.882 loading class java/util/Locale$1 done
Event: 4.882 loading class java/util/Calendar
Event: 4.883 loading class java/util/Calendar done
Event: 4.883 loading class java/util/TimeZone
Event: 4.883 loading class java/util/TimeZone done


Dynamic libraries:
0x00007ff6fe2e0000 - 0x00007ff6fe2ea000 	C:\Program Files\JetBrains\IntelliJ IDEA Community Edition 2022.1.4\jbr\bin\java.exe
0x00007ffe7a840000 - 0x00007ffe7aaa7000 	C:\WINDOWS\SYSTEM32\ntdll.dll
0x00007ffe798b0000 - 0x00007ffe79979000 	C:\WINDOWS\System32\KERNEL32.DLL
0x00007ffe77690000 - 0x00007ffe77a81000 	C:\WINDOWS\System32\KERNELBASE.dll
0x00007ffe77a90000 - 0x00007ffe77bdb000 	C:\WINDOWS\System32\ucrtbase.dll
0x00007ffe6a720000 - 0x00007ffe6a739000 	C:\Program Files\JetBrains\IntelliJ IDEA Community Edition 2022.1.4\jbr\bin\jli.dll
0x00007ffe718e0000 - 0x00007ffe718f6000 	C:\Program Files\JetBrains\IntelliJ IDEA Community Edition 2022.1.4\jbr\bin\VCRUNTIME140.dll
0x00007ffe794a0000 - 0x00007ffe79665000 	C:\WINDOWS\System32\USER32.dll
0x00007ffe77d40000 - 0x00007ffe77d67000 	C:\WINDOWS\System32\win32u.dll
0x00007ffe650f0000 - 0x00007ffe65383000 	C:\WINDOWS\WinSxS\amd64_microsoft.windows.common-controls_6595b64144ccf1df_6.0.26100.8037_none_3e092faae333b53b\COMCTL32.dll
0x00007ffe78c40000 - 0x00007ffe78c6b000 	C:\WINDOWS\System32\GDI32.dll
0x00007ffe79800000 - 0x00007ffe798a9000 	C:\WINDOWS\System32\msvcrt.dll
0x00007ffe77320000 - 0x00007ffe7744b000 	C:\WINDOWS\System32\gdi32full.dll
0x00007ffe77be0000 - 0x00007ffe77c83000 	C:\WINDOWS\System32\msvcp_win.dll
0x00007ffe7a790000 - 0x00007ffe7a7c1000 	C:\WINDOWS\System32\IMM32.DLL
0x00007ffe54800000 - 0x00007ffe548aa000 	C:\Program Files\JetBrains\IntelliJ IDEA Community Edition 2022.1.4\jbr\bin\msvcp140.dll
0x00007ffdc8c90000 - 0x00007ffdc980b000 	C:\Program Files\JetBrains\IntelliJ IDEA Community Edition 2022.1.4\jbr\bin\server\jvm.dll
0x00007ffe79980000 - 0x00007ffe79a3b000 	C:\WINDOWS\System32\ADVAPI32.dll
0x00007ffe78db0000 - 0x00007ffe78e57000 	C:\WINDOWS\System32\sechost.dll
0x00007ffe79a90000 - 0x00007ffe79ba8000 	C:\WINDOWS\System32\RPCRT4.dll
0x00007ffe7a7d0000 - 0x00007ffe7a7d8000 	C:\WINDOWS\System32\PSAPI.DLL
0x00007ffe70ae0000 - 0x00007ffe70b15000 	C:\WINDOWS\SYSTEM32\WINMM.dll
0x00007ffe51d30000 - 0x00007ffe51d3a000 	C:\WINDOWS\SYSTEM32\WSOCK32.dll
0x00007ffe70b20000 - 0x00007ffe70b2b000 	C:\WINDOWS\SYSTEM32\VERSION.dll
0x00007ffe79f30000 - 0x00007ffe79fa4000 	C:\WINDOWS\System32\WS2_32.dll
0x00007ffe75eb0000 - 0x00007ffe75ecb000 	C:\WINDOWS\SYSTEM32\kernel.appcore.dll
0x00007ffe71210000 - 0x00007ffe71221000 	C:\Program Files\JetBrains\IntelliJ IDEA Community Edition 2022.1.4\jbr\bin\verify.dll
0x00007ffe75190000 - 0x00007ffe753d2000 	C:\WINDOWS\SYSTEM32\DBGHELP.DLL
0x00007ffe79110000 - 0x00007ffe79492000 	C:\WINDOWS\System32\combase.dll
0x00007ffe79030000 - 0x00007ffe79107000 	C:\WINDOWS\System32\OLEAUT32.dll
0x00007ffe64a90000 - 0x00007ffe64acb000 	C:\WINDOWS\SYSTEM32\dbgcore.DLL
0x00007ffe77c90000 - 0x00007ffe77d35000 	C:\WINDOWS\System32\bcryptPrimitives.dll
0x00007ffe6a780000 - 0x00007ffe6a7a9000 	C:\Program Files\JetBrains\IntelliJ IDEA Community Edition 2022.1.4\jbr\bin\java.dll
0x00007ffe6b070000 - 0x00007ffe6b07b000 	C:\Program Files\JetBrains\IntelliJ IDEA Community Edition 2022.1.4\jbr\bin\jimage.dll
0x00007ffe6a7c0000 - 0x00007ffe6a7d9000 	C:\Program Files\JetBrains\IntelliJ IDEA Community Edition 2022.1.4\jbr\bin\zip.dll
0x00007ffe79fc0000 - 0x00007ffe7a71f000 	C:\WINDOWS\System32\SHELL32.dll
0x00007ffe77120000 - 0x00007ffe7728a000 	C:\WINDOWS\System32\wintypes.dll
0x00007ffe77d70000 - 0x00007ffe785d4000 	C:\WINDOWS\System32\windows.storage.dll
0x00007ffe78b40000 - 0x00007ffe78c37000 	C:\WINDOWS\System32\SHCORE.dll
0x00007ffe78fc0000 - 0x00007ffe79027000 	C:\WINDOWS\System32\shlwapi.dll
0x00007ffe77040000 - 0x00007ffe77069000 	C:\WINDOWS\SYSTEM32\profapi.dll
0x00007ffe68d20000 - 0x00007ffe68d3a000 	C:\Program Files\JetBrains\IntelliJ IDEA Community Edition 2022.1.4\jbr\bin\net.dll
0x00007ffe6d080000 - 0x00007ffe6d1a7000 	C:\WINDOWS\SYSTEM32\WINHTTP.dll
0x00007ffe76420000 - 0x00007ffe7648b000 	C:\WINDOWS\system32\mswsock.dll
0x00007ffe68d00000 - 0x00007ffe68d14000 	C:\Program Files\JetBrains\IntelliJ IDEA Community Edition 2022.1.4\jbr\bin\nio.dll

dbghelp: loaded successfully - version: 4.0.5 - missing functions: none
symbol engine: initialized successfully - sym options: 0x614 - pdb path: .;C:\Program Files\JetBrains\IntelliJ IDEA Community Edition 2022.1.4\jbr\bin;C:\WINDOWS\SYSTEM32;C:\WINDOWS\WinSxS\amd64_microsoft.windows.common-controls_6595b64144ccf1df_6.0.26100.8037_none_3e092faae333b53b;C:\Program Files\JetBrains\IntelliJ IDEA Community Edition 2022.1.4\jbr\bin\server

VM Arguments:
java_command: git4idea.http.GitAskPassApp Password for 'https://Chetan-Khare@github.com': 
java_class_path (initial): C:/Program Files/JetBrains/IntelliJ IDEA Community Edition 2022.1.4/plugins/git4idea/lib/git4idea-rt.jar;C:/Program Files/JetBrains/IntelliJ IDEA Community Edition 2022.1.4/lib/externalProcess-rt.jar;C:/Program Files/JetBrains/IntelliJ IDEA Community Edition 2022.1.4/lib/app.jar;C:/Program Files/JetBrains/IntelliJ IDEA Community Edition 2022.1.4/lib/3rd-party-rt.jar
Launcher Type: SUN_STANDARD

[Global flags]
     intx CICompilerCount                          = 4                                         {product} {ergonomic}
     uint ConcGCThreads                            = 3                                         {product} {ergonomic}
     uint G1ConcRefinementThreads                  = 10                                        {product} {ergonomic}
   size_t G1HeapRegionSize                         = 1048576                                   {product} {ergonomic}
    uintx GCDrainStackTargetSize                   = 64                                        {product} {ergonomic}
   size_t InitialHeapSize                          = 98566144                                  {product} {ergonomic}
   size_t MarkStackSize                            = 4194304                                   {product} {ergonomic}
   size_t MaxHeapSize                              = 1574961152                                {product} {ergonomic}
   size_t MaxNewSize                               = 944766976                                 {product} {ergonomic}
   size_t MinHeapDeltaBytes                        = 1048576                                   {product} {ergonomic}
    uintx NonNMethodCodeHeapSize                   = 5836300                                {pd product} {ergonomic}
    uintx NonProfiledCodeHeapSize                  = 122910970                              {pd product} {ergonomic}
    uintx ProfiledCodeHeapSize                     = 122910970                              {pd product} {ergonomic}
    uintx ReservedCodeCacheSize                    = 251658240                              {pd product} {ergonomic}
     bool SegmentedCodeCache                       = true                                      {product} {ergonomic}
     bool UseCompressedClassPointers               = true                                 {lp64_product} {ergonomic}
     bool UseCompressedOops                        = true                                 {lp64_product} {ergonomic}
     bool UseG1GC                                  = true                                      {product} {ergonomic}
     bool UseLargePagesIndividualAllocation        = false                                  {pd product} {ergonomic}

Logging:
Log output configuration:
 #0: stdout all=warning uptime,level,tags
 #1: stderr all=off uptime,level,tags

Environment Variables:
JAVA_HOME=C:\Program Files\Android\Android Studio\jbr
PATH=C:\Program Files\Git\mingw64\libexec\git-core;C:\Program Files\Git\mingw64\libexec\git-core;C:\Program Files\Git\mingw64\bin;C:\Program Files\Git\usr\bin;C:\Users\ckhar\bin;C:\Program Files\Common Files\Oracle\Java\javapath;C:\Program Files (x86)\VMware\VMware Workstation\bin;C:\WINDOWS\system32;C:\WINDOWS;C:\WINDOWS\System32\Wbem;C:\WINDOWS\System32\WindowsPowerShell\v1.0;C:\WINDOWS\System32\OpenSSH;C:\Program Files\Microsoft SQL Server\150\Tools\Binn;C:\Program Files\Microsoft SQL Server\Client SDK\ODBC\170\Tools\Binn;C:\Program Files\dotnet;C:\Program Files (x86)\Microsoft SQL Server\160\Tools\Binn;C:\Program Files\Microsoft SQL Server\160\Tools\Binn;C:\Program Files\Microsoft SQL Server\160\DTS\Binn;C:\Program Files (x86)\Microsoft SQL Server\160\DTS\Binn;C:\Program Files\MongoDB\Server\8.0\bin;C:\Program Files\Java\jdk-23\bin;C:\Program Files\Git\cmd;C:\Program Files\WireGuard;C:\Program Files\nodejs;C:\Program Files\MySQL\MySQL Shell 8.0\bin;C:\Users\ckhar\AppData\Local\Microsoft\WindowsApps;C:\Users\ckhar\.dotnet\tools;C:\Users\ckhar\AppData\Local\Programs\Microsoft VS Code\bin;C:\Program Files\JetBrains\WebStorm 2024.3.2.1\bin;C:\Users\ckhar\AppData\Roaming\npm;C:\Users\ckhar\AppData\Local\Programs\Antigravity\bin
USERNAME=ckhar
DISPLAY=:0.0
LC_ALL=en_US.UTF-8
OS=Windows_NT
PROCESSOR_IDENTIFIER=AMD64 Family 23 Model 104 Stepping 1, AuthenticAMD



---------------  S Y S T E M  ---------------

OS: Windows 11 , 64 bit Build 26100 (10.0.26100.7920)
OS uptime: 2 days 12:31 hours

CPU:total 12 (initial active 12) (12 cores per cpu, 2 threads per core) family 23 model 104 stepping 1 microcode 0x8608103, cmov, cx8, fxsr, mmx, sse, sse2, sse3, ssse3, sse4.1, sse4.2, popcnt, avx, avx2, aes, clmul, mmxext, 3dnowpref, lzcnt, sse4a, ht, tsc, tscinvbit, tscinv, bmi1, bmi2, adx, sha, fma

Memory: 4k page, system-wide physical 6005M (516M free)
TotalPageFile size 24437M (AvailPageFile size 0M)
current process WorkingSet (physical memory assigned to process): 63M, peak: 63M
current process commit charge ("private bytes"): 178M, peak: 179M

vm_info: OpenJDK 64-Bit Server VM (11.0.15+10-b2043.56) for windows-amd64 JRE (11.0.15+10-b2043.56), built on May 16 2022 02:28:12 by "" with MS VC++ 14.0 (VS2015)

END.
